[05:44:19] [main/INFO] (FabricLoader/GameProvider) Loading Minecraft 1.20.1 with Fabric Loader 0.15.10
[05:44:19] [main/INFO] (FabricLoader) Loading 60 mods:
	- arts_and_crafts 1.3.2
	- fabric-api 0.92.1+1.20.1
	- fabric-api-base 0.4.31+1802ada577
	- fabric-api-lookup-api-v1 1.6.36+1802ada577
	- fabric-biome-api-v1 13.0.13+1802ada577
	- fabric-block-api-v1 1.0.11+1802ada577
	- fabric-block-view-api-v2 1.0.1+1802ada577
	- fabric-blockrenderlayer-v1 1.1.41+1802ada577
	- fabric-client-tags-api-v1 1.1.2+1802ada577
	- fabric-command-api-v1 1.2.34+f71b366f77
	- fabric-command-api-v2 2.2.13+1802ada577
	- fabric-commands-v0 0.2.51+df3654b377
	- fabric-containers-v0 0.1.64+df3654b377
	- fabric-content-registries-v0 4.0.11+1802ada577
	- fabric-convention-tags-v1 1.5.5+1802ada577
	- fabric-crash-report-info-v1 0.2.19+1802ada577
	- fabric-data-attachment-api-v1 1.0.0+de0fd6d177
	- fabric-data-generation-api-v1 12.3.4+1802ada577
	- fabric-dimensions-v1 2.1.54+1802ada577
	- fabric-entity-events-v1 1.6.0+1c78457f77
	- fabric-events-interaction-v0 0.6.2+1802ada577
	- fabric-events-lifecycle-v0 0.2.63+df3654b377
	- fabric-game-rule-api-v1 1.0.40+1802ada577
	- fabric-gametest-api-v1 1.2.13+1802ada577
	- fabric-item-api-v1 2.1.28+1802ada577
	- fabric-item-group-api-v1 4.0.12+1802ada577
	- fabric-key-binding-api-v1 1.0.37+1802ada577
	- fabric-keybindings-v0 0.2.35+df3654b377
	- fabric-lifecycle-events-v1 2.2.22+1802ada577
	- fabric-loot-api-v2 1.2.1+1802ada577
	- fabric-loot-tables-v1 1.1.45+9e7660c677
	- fabric-message-api-v1 5.1.9+1802ada577
	- fabric-mining-level-api-v1 2.1.50+1802ada577
	- fabric-model-loading-api-v1 1.0.3+1802ada577
	- fabric-models-v0 0.4.2+9386d8a777
	- fabric-networking-api-v1 1.3.11+1802ada577
	- fabric-networking-v0 0.3.51+df3654b377
	- fabric-object-builder-api-v1 11.1.3+1802ada577
	- fabric-particles-v1 1.1.2+1802ada577
	- fabric-recipe-api-v1 1.0.21+1802ada577
	- fabric-registry-sync-v0 2.3.3+1802ada577
	- fabric-renderer-api-v1 3.2.1+1802ada577
	- fabric-renderer-indigo 1.5.1+1802ada577
	- fabric-renderer-registries-v1 3.2.46+df3654b377
	- fabric-rendering-data-attachment-v1 0.3.37+92a0d36777
	- fabric-rendering-fluids-v1 3.0.28+1802ada577
	- fabric-rendering-v0 1.1.49+df3654b377
	- fabric-rendering-v1 3.0.8+1802ada577
	- fabric-resource-conditions-api-v1 2.3.8+1802ada577
	- fabric-resource-loader-v0 0.11.10+1802ada577
	- fabric-screen-api-v1 2.0.8+1802ada577
	- fabric-screen-handler-api-v1 1.3.30+1802ada577
	- fabric-sound-api-v1 1.0.13+1802ada577
	- fabric-transfer-api-v1 3.3.5+8dd72ea377
	- fabric-transitive-access-wideners-v1 4.3.1+1802ada577
	- fabricloader 0.15.10
	- java 21
	- jinxedlib 1.0.1
	- minecraft 1.20.1
	- mixinextras 0.3.5
[05:44:19] [main/INFO] (FabricLoader/Mixin) SpongePowered MIXIN Subsystem Version=0.8.5 Source=file:/C:/Users/kiere/.gradle/caches/modules-2/files-2.1/net.fabricmc/sponge-mixin/0.13.3+mixin.0.8.5/9527e6b0d2449408958fd1302594dc65ec5ade9c/sponge-mixin-0.13.3+mixin.0.8.5.jar Service=Knot/Fabric Env=CLIENT
[05:44:19] [main/INFO] (FabricLoader/Mixin) Loaded Fabric development mappings for mixin remapper!
[05:44:19] [main/INFO] (FabricLoader/Mixin) Compatibility level set to JAVA_16
[05:44:19] [main/INFO] (FabricLoader/Mixin) Compatibility level set to JAVA_17
[05:44:20] [main/INFO] (FabricLoader/MixinExtras|Service) Initializing MixinExtras via com.llamalad7.mixinextras.service.MixinExtrasServiceImpl(version=0.3.5).
[05:44:25] [Datafixer Bootstrap/INFO] (Minecraft) 188 Datafixer optimizations took 110 milliseconds
[05:44:27] [Render thread/INFO] (Minecraft) [STDERR]: [LWJGL] [ThreadLocalUtil] Unsupported JNI version detected, this may result in a crash. Please inform LWJGL developers.
[05:44:27] [Render thread/INFO] (Minecraft) Environment: authHost='https://authserver.mojang.com', accountsHost='https://api.mojang.com', sessionHost='https://sessionserver.mojang.com', servicesHost='https://api.minecraftservices.com', name='PROD'
[05:44:28] [Render thread/ERROR] (Minecraft) Failed to verify authentication
com.mojang.authlib.exceptions.InvalidCredentialsException: Status: 401
	at com.mojang.authlib.exceptions.MinecraftClientHttpException.toAuthenticationException(MinecraftClientHttpException.java:56) ~[authlib-4.0.43.jar:?]
	at com.mojang.authlib.yggdrasil.YggdrasilUserApiService.fetchProperties(YggdrasilUserApiService.java:156) ~[authlib-4.0.43.jar:?]
	at com.mojang.authlib.yggdrasil.YggdrasilUserApiService.<init>(YggdrasilUserApiService.java:55) ~[authlib-4.0.43.jar:?]
	at com.mojang.authlib.yggdrasil.YggdrasilAuthenticationService.createUserApiService(YggdrasilAuthenticationService.java:124) ~[authlib-4.0.43.jar:?]
	at net.minecraft.client.Minecraft.createUserApiService(Minecraft.java:733) ~[minecraft-merged-7787b014d4-1.20.1-loom.mappings.1_20_1.layered+hash.2198-v2.jar:?]
	at net.minecraft.client.Minecraft.<init>(Minecraft.java:442) ~[minecraft-merged-7787b014d4-1.20.1-loom.mappings.1_20_1.layered+hash.2198-v2.jar:?]
	at net.minecraft.client.main.Main.main(Main.java:211) ~[minecraft-merged-7787b014d4-1.20.1-loom.mappings.1_20_1.layered+hash.2198-v2.jar:?]
	at net.fabricmc.loader.impl.game.minecraft.MinecraftGameProvider.launch(MinecraftGameProvider.java:470) ~[fabric-loader-0.15.10.jar:?]
	at net.fabricmc.loader.impl.launch.knot.Knot.launch(Knot.java:74) ~[fabric-loader-0.15.10.jar:?]
	at net.fabricmc.loader.impl.launch.knot.KnotClient.main(KnotClient.java:23) ~[fabric-loader-0.15.10.jar:?]
	at net.fabricmc.devlaunchinjector.Main.main(Main.java:86) ~[dev-launch-injector-0.2.1+build.8.jar:?]
Caused by: com.mojang.authlib.exceptions.MinecraftClientHttpException: Status: 401
	at com.mojang.authlib.minecraft.client.MinecraftClient.readInputStream(MinecraftClient.java:85) ~[authlib-4.0.43.jar:?]
	at com.mojang.authlib.minecraft.client.MinecraftClient.get(MinecraftClient.java:48) ~[authlib-4.0.43.jar:?]
	at com.mojang.authlib.yggdrasil.YggdrasilUserApiService.fetchProperties(YggdrasilUserApiService.java:129) ~[authlib-4.0.43.jar:?]
	... 9 more
[05:44:28] [Render thread/INFO] (Minecraft) Setting user: Player36
[05:44:28] [Render thread/ERROR] (Minecraft) No data fixer registered for arts_and_crafts:floating_block
[05:44:28] [Render thread/ERROR] (Minecraft) No data fixer registered for arts_and_crafts:boat
[05:44:28] [Render thread/ERROR] (Minecraft) No data fixer registered for arts_and_crafts:chest_boat
[05:44:29] [Render thread/INFO] (Indigo) [Indigo] Registering Indigo renderer!
[05:44:30] [Render thread/INFO] (Minecraft) Backend library: LWJGL version 3.3.2-snapshot
[05:44:32] [Render thread/INFO] (Minecraft) Reloading ResourceManager: vanilla, fabric (fabric-entity-events-v1, fabric-models-v0, fabric-item-group-api-v1, fabric-message-api-v1, fabric-screen-api-v1, fabric-events-lifecycle-v0, arts_and_crafts, fabric-rendering-v0, fabric-commands-v0, fabric-api-lookup-api-v1, fabric-networking-api-v1, fabric-biome-api-v1, fabric-networking-v0, fabric-model-loading-api-v1, fabric-renderer-registries-v1, fabric-keybindings-v0, fabric-particles-v1, fabric-loot-api-v2, fabric-item-api-v1, fabric-loot-tables-v1, fabric-registry-sync-v0, fabric-data-attachment-api-v1, fabric-content-registries-v0, fabric-data-generation-api-v1, fabric-command-api-v2, fabric-api-base, fabric-resource-conditions-api-v1, fabric-game-rule-api-v1, fabricloader, fabric-containers-v0, fabric-rendering-data-attachment-v1, fabric-transfer-api-v1, fabric-crash-report-info-v1, fabric-key-binding-api-v1, fabric-mining-level-api-v1, fabric-object-builder-api-v1, fabric-gametest-api-v1, fabric-resource-loader-v0, fabric-command-api-v1, fabric-renderer-api-v1, fabric-renderer-indigo, fabric-rendering-v1, fabric-block-api-v1, fabric-block-view-api-v2, fabric-sound-api-v1, fabric-blockrenderlayer-v1, fabric-api, fabric-client-tags-api-v1, fabric-transitive-access-wideners-v1, fabric-dimensions-v1, fabric-convention-tags-v1, fabric-rendering-fluids-v1, fabric-lifecycle-events-v1, fabric-screen-handler-api-v1, fabric-recipe-api-v1, fabric-events-interaction-v0)
[05:44:32] [Worker-Main-3/INFO] (Minecraft) Found unifont_all_no_pua-15.0.06.hex, loading
[05:44:33] [Render thread/WARN] (Minecraft) Missing sound for event: minecraft:item.goat_horn.play
[05:44:33] [Render thread/WARN] (Minecraft) Missing sound for event: minecraft:entity.goat.screaming.horn_break
[05:44:34] [Render thread/INFO] (Minecraft) OpenAL initialized on device OpenAL Soft on Realtek HD Audio 2nd output (Realtek(R) Audio)
[05:44:34] [Render thread/INFO] (Minecraft) Sound engine started
[05:44:34] [Render thread/INFO] (Minecraft) Created: 1024x1024x4 minecraft:textures/atlas/blocks.png-atlas
[05:44:34] [Render thread/INFO] (Minecraft) Created: 256x256x4 minecraft:textures/atlas/signs.png-atlas
[05:44:34] [Render thread/INFO] (Minecraft) Created: 512x512x4 minecraft:textures/atlas/banner_patterns.png-atlas
[05:44:34] [Render thread/INFO] (Minecraft) Created: 512x512x4 minecraft:textures/atlas/shield_patterns.png-atlas
[05:44:34] [Render thread/INFO] (Minecraft) Created: 1024x1024x4 minecraft:textures/atlas/armor_trims.png-atlas
[05:44:34] [Render thread/INFO] (Minecraft) Created: 256x256x4 minecraft:textures/atlas/chest.png-atlas
[05:44:34] [Render thread/INFO] (Minecraft) Created: 512x256x4 minecraft:textures/atlas/decorated_pot.png-atlas
[05:44:34] [Render thread/INFO] (Minecraft) Created: 512x256x4 minecraft:textures/atlas/shulker_boxes.png-atlas
[05:44:34] [Render thread/INFO] (Minecraft) Created: 512x256x4 minecraft:textures/atlas/beds.png-atlas
[05:44:34] [Render thread/WARN] (Minecraft) Shader rendertype_entity_translucent_emissive could not find sampler named Sampler2 in the specified shader program.
[05:44:34] [Render thread/INFO] (Minecraft) Created: 512x256x0 minecraft:textures/atlas/particles.png-atlas
[05:44:34] [Render thread/INFO] (Minecraft) Created: 256x256x0 minecraft:textures/atlas/paintings.png-atlas
[05:44:34] [Render thread/INFO] (Minecraft) Created: 128x128x0 minecraft:textures/atlas/mob_effects.png-atlas
[05:44:45] [Realms Notification Availability checker #1/INFO] (Minecraft) Could not authorize you against Realms server: java.lang.RuntimeException: Failed to parse into SignedJWT: FabricMC
[05:45:27] [Render thread/INFO] (Minecraft) Loaded 7 recipes
[05:45:27] [Render thread/INFO] (Minecraft) Loaded 2549 advancements
[05:45:35] [Render thread/INFO] (BiomeModificationImpl) Applied 31 biome modifications to 27 of 64 new biomes in 10.71 ms
[05:45:35] [Server thread/INFO] (Minecraft) Starting integrated minecraft server version 1.20.1
[05:45:35] [Server thread/INFO] (Minecraft) Generating keypair
[05:45:37] [Server thread/INFO] (Minecraft) Preparing start region for dimension minecraft:overworld
[05:45:38] [Render thread/INFO] (Minecraft) Preparing spawn area: 0%
[05:45:38] [Render thread/INFO] (Minecraft) Preparing spawn area: 0%
[05:45:38] [Render thread/INFO] (Minecraft) Preparing spawn area: 0%
[05:45:39] [Render thread/INFO] (Minecraft) Preparing spawn area: 1%
[05:45:39] [Render thread/INFO] (Minecraft) Preparing spawn area: 4%
[05:45:40] [Render thread/INFO] (Minecraft) Preparing spawn area: 6%
[05:45:40] [Render thread/INFO] (Minecraft) Preparing spawn area: 9%
[05:45:41] [Render thread/INFO] (Minecraft) Preparing spawn area: 15%
[05:45:41] [Render thread/INFO] (Minecraft) Preparing spawn area: 19%
[05:45:42] [Render thread/INFO] (Minecraft) Preparing spawn area: 23%
[05:45:42] [Render thread/INFO] (Minecraft) Preparing spawn area: 29%
[05:45:43] [Render thread/INFO] (Minecraft) Preparing spawn area: 33%
[05:45:43] [Render thread/INFO] (Minecraft) Preparing spawn area: 39%
[05:45:44] [Render thread/INFO] (Minecraft) Preparing spawn area: 44%
[05:45:44] [Render thread/INFO] (Minecraft) Preparing spawn area: 49%
[05:45:45] [Render thread/INFO] (Minecraft) Preparing spawn area: 56%
[05:45:46] [Render thread/INFO] (Minecraft) Preparing spawn area: 59%
[05:45:46] [Render thread/INFO] (Minecraft) Preparing spawn area: 59%
[05:45:46] [Render thread/INFO] (Minecraft) Preparing spawn area: 66%
[05:45:47] [Render thread/INFO] (Minecraft) Preparing spawn area: 71%
[05:45:47] [Render thread/INFO] (Minecraft) Preparing spawn area: 77%
[05:45:48] [Render thread/INFO] (Minecraft) Preparing spawn area: 84%
[05:45:48] [Render thread/INFO] (Minecraft) Preparing spawn area: 90%
[05:45:49] [Render thread/INFO] (Minecraft) Preparing spawn area: 98%
[05:45:49] [Render thread/INFO] (Minecraft) Time elapsed: 11570 ms
[05:45:49] [Server thread/INFO] (Minecraft) Changing view distance to 12, from 10
[05:45:49] [Server thread/INFO] (Minecraft) Changing simulation distance to 12, from 0
[05:45:50] [Server thread/INFO] (Minecraft) Player36[local:E:16e8fe15] logged in with entity id 267 at (-201.5, 66.0, -332.5)
[05:45:50] [Server thread/INFO] (Minecraft) Player36 joined the game
[05:45:50] [Render thread/INFO] (Minecraft) Loaded 2 advancements
[05:45:51] [Server thread/INFO] (Minecraft) Saving and pausing game...
[05:45:51] [Server thread/INFO] (Minecraft) Saving chunks for level 'ServerLevel[New World]'/minecraft:overworld
[05:45:51] [Server thread/INFO] (Minecraft) Saving chunks for level 'ServerLevel[New World]'/minecraft:the_nether
[05:45:51] [Server thread/INFO] (Minecraft) Saving chunks for level 'ServerLevel[New World]'/minecraft:the_end
[05:46:07] [Server thread/INFO] (Minecraft) Saving and pausing game...
[05:46:07] [Server thread/INFO] (Minecraft) Saving chunks for level 'ServerLevel[New World]'/minecraft:overworld
[05:46:07] [Server thread/INFO] (Minecraft) Saving chunks for level 'ServerLevel[New World]'/minecraft:the_nether
[05:46:07] [Server thread/INFO] (Minecraft) Saving chunks for level 'ServerLevel[New World]'/minecraft:the_end
[05:46:58] [Server thread/INFO] (Minecraft) Saving and pausing game...
[05:46:58] [Server thread/INFO] (Minecraft) Saving chunks for level 'ServerLevel[New World]'/minecraft:overworld
[05:46:58] [Server thread/INFO] (Minecraft) Saving chunks for level 'ServerLevel[New World]'/minecraft:the_nether
[05:46:58] [Server thread/INFO] (Minecraft) Saving chunks for level 'ServerLevel[New World]'/minecraft:the_end
[05:47:12] [Server thread/INFO] (Minecraft) Player36 has made the advancement [Circa 1980]
[05:47:13] [Render thread/INFO] (Minecraft) [System] [CHAT] Player36 has made the advancement [Circa 1980]
[05:47:13] [Render thread/INFO] (Minecraft) Loaded 35 advancements
[05:47:20] [Render thread/INFO] (Minecraft) Loaded 37 advancements
[05:47:53] [Render thread/INFO] (Minecraft) Loaded 51 advancements
[05:47:53] [Render thread/INFO] (Minecraft) Loaded 53 advancements
[05:48:36] [Server thread/INFO] (Minecraft) Saving and pausing game...
[05:48:36] [Server thread/INFO] (Minecraft) Saving chunks for level 'ServerLevel[New World]'/minecraft:overworld
[05:48:36] [Server thread/INFO] (Minecraft) Saving chunks for level 'ServerLevel[New World]'/minecraft:the_nether
[05:48:36] [Server thread/INFO] (Minecraft) Saving chunks for level 'ServerLevel[New World]'/minecraft:the_end
[05:48:40] [Server thread/INFO] (Minecraft) Player36 lost connection: Disconnected
[05:48:40] [Server thread/INFO] (Minecraft) Player36 left the game
[05:48:40] [Server thread/INFO] (Minecraft) Stopping singleplayer server as player logged out
[05:48:40] [Server thread/INFO] (Minecraft) Stopping server
[05:48:40] [Server thread/INFO] (Minecraft) Saving players
[05:48:40] [Server thread/INFO] (Minecraft) Saving worlds
[05:48:41] [Server thread/INFO] (Minecraft) Saving chunks for level 'ServerLevel[New World]'/minecraft:overworld
[05:48:41] [Server thread/INFO] (Minecraft) Saving chunks for level 'ServerLevel[New World]'/minecraft:the_nether
[05:48:41] [Server thread/INFO] (Minecraft) Saving chunks for level 'ServerLevel[New World]'/minecraft:the_end
[05:48:41] [Server thread/INFO] (Minecraft) ThreadedAnvilChunkStorage (New World (1)): All chunks are saved
[05:48:41] [Server thread/INFO] (Minecraft) ThreadedAnvilChunkStorage (DIM-1): All chunks are saved
[05:48:41] [Server thread/INFO] (Minecraft) ThreadedAnvilChunkStorage (DIM1): All chunks are saved
[05:48:41] [Server thread/INFO] (Minecraft) ThreadedAnvilChunkStorage: All dimensions are saved
[05:48:42] [Render thread/INFO] (Minecraft) Stopping!
